// Jest Snapshot v1, https://goo.gl/fbAQLP

exports[`Meta should match snapshot 1`] = `
<ErrorBoundary
  goBack={[Function]}
  onRestore={[Function]}
  version="1.0.0"
>
  <div
    className="Meta MuiBox-root css-0"
  >
    <ScenePicker
      audioLibraryCount={0}
      canGenerate={false}
      canGrid={false}
      config={
        Config {
          "caching": CacheSettings {
            "directory": "",
            "enabled": true,
            "maxSize": 500,
          },
          "clientID": "",
          "defaultScene": SceneSettings {
            "audios": [],
            "backForth": false,
            "backForthBPMMulti": 10,
            "backForthConstant": 1000,
            "backForthMax": 1200,
            "backForthMin": 200,
            "backForthSinRate": 100,
            "backForthTF": "tf.c",
            "backgroundBlur": 8,
            "backgroundColor": "#000000",
            "backgroundColorSet": [],
            "backgroundType": "bt.blur",
            "continueVideo": false,
            "crossFade": false,
            "crossFadeAudio": false,
            "fadeAmp": 20,
            "fadeBPMMulti": 10,
            "fadeDuration": 500,
            "fadeDurationMax": 700,
            "fadeDurationMin": 100,
            "fadeEase": "ea.linear",
            "fadeExp": 6,
            "fadeIOBPMMulti": 10,
            "fadeIODelay": 2000,
            "fadeIODelayBPMMulti": 10,
            "fadeIODelayMax": 5000,
            "fadeIODelayMin": 2000,
            "fadeIODelaySinRate": 100,
            "fadeIODelayTF": "tf.c",
            "fadeIODuration": 2000,
            "fadeIODurationMax": 5000,
            "fadeIODurationMin": 2000,
            "fadeIOEndAmp": 20,
            "fadeIOEndEase": "ea.linear",
            "fadeIOEndExp": 6,
            "fadeIOEndOv": 3,
            "fadeIOEndPer": 6,
            "fadeIOPulse": false,
            "fadeIOSinRate": 100,
            "fadeIOStartAmp": 20,
            "fadeIOStartEase": "ea.linear",
            "fadeIOStartExp": 6,
            "fadeIOStartOv": 3,
            "fadeIOStartPer": 6,
            "fadeIOTF": "tf.c",
            "fadeInOut": false,
            "fadeOv": 3,
            "fadePer": 6,
            "fadeSinRate": 100,
            "fadeTF": "tf.c",
            "forceAll": false,
            "forceAllSource": false,
            "fullSource": false,
            "generatorMax": 100,
            "gifOption": "go.none",
            "gifTimingConstant": 3000,
            "gifTimingMax": 3000,
            "gifTimingMin": 1000,
            "grid": [
              [],
            ],
            "gridView": false,
            "horizTransLevel": 10,
            "horizTransLevelMax": 10,
            "horizTransLevelMin": 5,
            "horizTransRandom": false,
            "horizTransType": "htf.none",
            "imageOrientation": "ot.original",
            "imageType": "it.fitBestNoClip",
            "imageTypeFilter": "if.any",
            "nextSceneAllImages": false,
            "nextSceneID": 0,
            "nextSceneRandoms": [],
            "nextSceneTime": 900000,
            "orderFunction": "of.random",
            "overlaySceneID": 0,
            "overlaySceneOpacity": 0.5,
            "overlays": [],
            "panBPMMulti": 10,
            "panDuration": 2000,
            "panDurationMax": 5000,
            "panDurationMin": 2000,
            "panEndAmp": 20,
            "panEndEase": "ea.linear",
            "panEndExp": 6,
            "panEndOv": 3,
            "panEndPer": 6,
            "panHorizTransImg": false,
            "panHorizTransLevel": 10,
            "panHorizTransLevelMax": 10,
            "panHorizTransLevelMin": 5,
            "panHorizTransRandom": false,
            "panHorizTransType": "htf.none",
            "panSinRate": 100,
            "panStartAmp": 20,
            "panStartEase": "ea.linear",
            "panStartExp": 6,
            "panStartOv": 3,
            "panStartPer": 6,
            "panTF": "tf.c",
            "panVertTransImg": false,
            "panVertTransLevel": 10,
            "panVertTransLevelMax": 10,
            "panVertTransLevelMin": 5,
            "panVertTransRandom": false,
            "panVertTransType": "vtf.none",
            "panning": false,
            "persistAudio": false,
            "persistText": false,
            "playVideoClips": true,
            "randomVideoStart": false,
            "regenerate": true,
            "rotatePortrait": false,
            "skipVideoEnd": 0,
            "skipVideoStart": 0,
            "slide": false,
            "slideAmp": 20,
            "slideBPMMulti": 10,
            "slideDistance": 100,
            "slideDuration": 500,
            "slideDurationMax": 700,
            "slideDurationMin": 100,
            "slideEase": "ea.linear",
            "slideExp": 6,
            "slideOv": 3,
            "slidePer": 6,
            "slideSinRate": 100,
            "slideTF": "tf.c",
            "slideType": "stf.left",
            "sourceOrderFunction": "sof.random",
            "sources": [],
            "strobe": false,
            "strobeAmp": 20,
            "strobeBPMMulti": 10,
            "strobeColor": "#FFFFFF",
            "strobeColorSet": [],
            "strobeColorType": "bt.color",
            "strobeDelay": 200,
            "strobeDelayBPMMulti": 10,
            "strobeDelayMax": 300,
            "strobeDelayMin": 100,
            "strobeDelaySinRate": 100,
            "strobeDelayTF": "tf.c",
            "strobeEase": "ea.linear",
            "strobeExp": 6,
            "strobeLayer": "sl.top",
            "strobeOpacity": 1,
            "strobeOv": 3,
            "strobePer": 6,
            "strobePulse": false,
            "strobeSinRate": 100,
            "strobeTF": "tf.c",
            "strobeTime": 200,
            "strobeTimeMax": 300,
            "strobeTimeMin": 100,
            "timingBPMMulti": 10,
            "timingConstant": 1000,
            "timingFunction": "tf.c",
            "timingMax": 1200,
            "timingMin": 200,
            "timingSinRate": 100,
            "transAmp": 20,
            "transBPMMulti": 10,
            "transDuration": 5000,
            "transDurationMax": 7000,
            "transDurationMin": 1000,
            "transEase": "ea.linear",
            "transExp": 6,
            "transOv": 3,
            "transPer": 6,
            "transSinRate": 100,
            "transTF": "tf.c",
            "vertTransLevel": 10,
            "vertTransLevelMax": 10,
            "vertTransLevelMin": 5,
            "vertTransRandom": false,
            "vertTransType": "vtf.none",
            "videoOption": "vo.none",
            "videoOrientation": "ot.original",
            "videoRandomSpeed": false,
            "videoSkip": 10,
            "videoSpeed": 10,
            "videoSpeedMax": 20,
            "videoSpeedMin": 5,
            "videoTimingConstant": 3000,
            "videoTimingMax": 3000,
            "videoTimingMin": 1000,
            "videoVolume": 0,
            "weightFunction": "wf.s",
            "zoom": false,
            "zoomEnd": 2,
            "zoomEndMax": 2,
            "zoomEndMin": 1.5,
            "zoomRandom": false,
            "zoomStart": 1,
            "zoomStartMax": 1,
            "zoomStartMin": 0.5,
          },
          "displaySettings": DisplaySettings {
            "alwaysOnTop": false,
            "audioAlert": true,
            "clickToProgress": true,
            "clickToProgressWhilePlaying": false,
            "cloneGridVideoElements": false,
            "easingControls": false,
            "fullScreen": false,
            "ignoredTags": [],
            "maxInHistory": 120,
            "maxInMemory": 40,
            "maxLoadingAtOnce": 5,
            "minImageSize": 200,
            "minVideoSize": 200,
            "showMenu": true,
            "startImmediately": false,
          },
          "generalSettings": GeneralSettings {
            "autoBackup": false,
            "autoBackupDays": 1,
            "autoCleanBackup": false,
            "autoCleanBackupDays": 14,
            "autoCleanBackupMonths": 6,
            "autoCleanBackupWeeks": 8,
            "cleanRetain": 1,
            "confirmBlacklist": true,
            "confirmFileDeletion": true,
            "confirmSceneDeletion": true,
            "disableLocalSave": false,
            "portableMode": false,
            "prioritizePerformance": true,
            "watermark": false,
            "watermarkColor": "#FFFFFF",
            "watermarkCorner": "wc.bottomRight",
            "watermarkFontFamily": "Arial Black,Arial Bold,Gadget,sans-serif",
            "watermarkFontSize": 14,
            "watermarkGrid": false,
            "watermarkText": "",
          },
          "newWindowAlerted": false,
          "remoteSettings": RemoteSettings {
            "hydrusAPIKey": "",
            "hydrusDomain": "localhost",
            "hydrusPort": "45869",
            "hydrusProtocol": "http",
            "instagramPassword": "",
            "instagramUsername": "",
            "piwigoHost": "",
            "piwigoPassword": "",
            "piwigoProtocol": "http",
            "piwigoUsername": "",
            "redditClientID": "2Iqe-1CsO4VQlA",
            "redditDeviceID": "",
            "redditRefreshToken": "",
            "redditUserAgent": "desktop:flipflip:v2.0.0 (by /u/ififfy)",
            "silenceTumblrAlert": false,
            "tumblrKey": "",
            "tumblrKeys": [
              "BaQquvlxQeRhKRyViknF98vseIdcBEyDrzJBpHxvAiMPHCKR2l",
              "G4iZd6FBiyDxHVUpNqtOTDu4woWzfp8WuH3tTrT3MC16GTmNzq",
              "y5uUQJYTCp15Nj3P80cLmNFqwSr1mxIhm3C4PCsGAfReydkF9m",
              "IZiOt6PYazf4g0sYWVfpfebMITRFWmtlKq2UKe6l0RsqKHPgui",
              "ATtwOUlruyVl8bEiHTnYcRpByEAzov2LtLEWOfDLqhPRZFmT4X",
            ],
            "tumblrOAuthToken": "",
            "tumblrOAuthTokenSecret": "",
            "tumblrSecret": "",
            "tumblrSecrets": [
              "XWVCo7t0GMGkOAd9wsxMMkKPhQbl3RqauGzQtnzAnmHCJ7WdSn",
              "RmoWUh844NqVdw7btWI6EYldJ91KhwJyfCKPtAIcuVokFtRYgS",
              "xiEV5sJISJAwegJHTTLWtxnmFUkowxgMk2gOq4mc20VNLM2TpJ",
              "Iw3yKgjfMvrKPNCcqdUyRuxCkYWYyRlrMdFUojRHVkSSADOKCT",
              "cMM7xqJV1roUudEdBiZeOqv3n1H0pzNnGY1iAbp3oo3c29MXGq",
            ],
            "twitterAccessTokenKey": "",
            "twitterAccessTokenSecret": "",
            "twitterConsumerKey": "qSRfdIWfpkesYDVJHrRh05wji",
            "twitterConsumerSecret": "ad11IC4CLwVzYyGyYwHKVMP9WwAcKxymw4D9162S5Ex75l5eWw",
          },
          "tutorials": Tutorials {
            "audios": null,
            "library": null,
            "player": null,
            "sceneDetail": null,
            "sceneGenerator": null,
            "sceneGrid": null,
            "scenePicker": null,
            "scriptor": null,
            "scripts": null,
            "videoClipper": null,
          },
        }
      }
      grids={[]}
      libraryCount={0}
      onAddGenerator={[Function]}
      onAddGrid={[Function]}
      onAddGroup={[Function]}
      onAddScene={[Function]}
      onChangeTab={[Function]}
      onDeleteGroup={[Function]}
      onDeleteScenes={[Function]}
      onImportScene={[Function]}
      onOpenAudioLibrary={[Function]}
      onOpenCaptionScriptor={[Function]}
      onOpenConfig={[Function]}
      onOpenGrid={[Function]}
      onOpenLibrary={[Function]}
      onOpenScene={[Function]}
      onOpenScriptLibrary={[Function]}
      onSort={[Function]}
      onTutorial={[Function]}
      onUpdateConfig={[Function]}
      onUpdateGrids={[Function]}
      onUpdateGroups={[Function]}
      onUpdateScenes={[Function]}
      openTab={0}
      sceneGroups={[]}
      scenes={[]}
      scriptLibraryCount={0}
      startTutorial={[Function]}
      systemMessage={[Function]}
      tutorial={null}
      version="1.0.0"
    />
  </div>
</ErrorBoundary>
`;
