// Jest Snapshot v1, https://goo.gl/fbAQLP

exports[`CaptionProgram should match snapshot 1`] = `
<div
  style={
    {
      "bottom": 0,
      "display": "table",
      "height": "100%",
      "left": 0,
      "opacity": 1,
      "overflow": "hidden",
      "pointerEvents": "none",
      "position": "absolute",
      "right": 0,
      "top": 0,
      "width": "100%",
      "zIndex": 6,
    }
  }
>
  <div />
</div>
`;
