// Jest Snapshot v1, https://goo.gl/fbAQLP

exports[`GridPlayer should match snapshot 1`] = `
<div
  className="GridPlayer-root-1"
>
  <div
    className="GridPlayer-hoverBar-4"
    onMouseEnter={[Function]}
    onMouseLeave={[Function]}
  />
  <header
    className="MuiPaper-root MuiPaper-elevation MuiPaper-elevation4 MuiAppBar-root MuiAppBar-colorPrimary MuiAppBar-positionAbsolute GridPlayer-appBar-2 css-iu2t21-MuiPaper-root-MuiAppBar-root"
    onMouseEnter={[Function]}
    onMouseLeave={[Function]}
  >
    <div
      className="MuiToolbar-root MuiToolbar-gutters MuiToolbar-regular css-hyum1k-MuiToolbar-root"
    >
      <button
        aria-label="Back"
        aria-labelledby={null}
        className="MuiButtonBase-root MuiIconButton-root MuiIconButton-colorInherit MuiIconButton-edgeStart MuiIconButton-sizeLarge css-184mzhy-MuiButtonBase-root-MuiIconButton-root"
        data-mui-internal-clone-element={true}
        disabled={false}
        onBlur={[Function]}
        onClick={[Function]}
        onContextMenu={[Function]}
        onDragLeave={[Function]}
        onFocus={[Function]}
        onKeyDown={[Function]}
        onKeyUp={[Function]}
        onMouseDown={[Function]}
        onMouseLeave={[Function]}
        onMouseOver={[Function]}
        onMouseUp={[Function]}
        onTouchEnd={[Function]}
        onTouchMove={[Function]}
        onTouchStart={[Function]}
        tabIndex={0}
        type="button"
      >
        <svg
          aria-hidden={true}
          className="MuiSvgIcon-root MuiSvgIcon-fontSizeMedium css-i4bv87-MuiSvgIcon-root"
          data-testid="ArrowBackIcon"
          focusable="false"
          viewBox="0 0 24 24"
        >
          <path
            d="M20 11H7.83l5.59-5.59L12 4l-8 8 8 8 1.41-1.41L7.83 13H20v-2z"
          />
        </svg>
        <span
          className="MuiTouchRipple-root css-8je8zh-MuiTouchRipple-root"
        />
      </button>
      <div
        className="GridPlayer-fill-10"
      />
      <h1
        className="MuiTypography-root MuiTypography-h4 MuiTypography-noWrap GridPlayer-title-5 css-1r3v6n7-MuiTypography-root"
      />
      <div
        className="GridPlayer-fill-10"
      />
      <button
        aria-label="FullScreen"
        aria-labelledby={null}
        className="MuiButtonBase-root MuiIconButton-root MuiIconButton-colorInherit MuiIconButton-edgeStart MuiIconButton-sizeLarge css-184mzhy-MuiButtonBase-root-MuiIconButton-root"
        data-mui-internal-clone-element={true}
        disabled={false}
        onBlur={[Function]}
        onClick={[Function]}
        onContextMenu={[Function]}
        onDragLeave={[Function]}
        onFocus={[Function]}
        onKeyDown={[Function]}
        onKeyUp={[Function]}
        onMouseDown={[Function]}
        onMouseLeave={[Function]}
        onMouseOver={[Function]}
        onMouseUp={[Function]}
        onTouchEnd={[Function]}
        onTouchMove={[Function]}
        onTouchStart={[Function]}
        tabIndex={0}
        type="button"
      >
        <svg
          aria-hidden={true}
          className="MuiSvgIcon-root MuiSvgIcon-fontSizeLarge css-tzssek-MuiSvgIcon-root"
          data-testid="FullscreenIcon"
          focusable="false"
          viewBox="0 0 24 24"
        >
          <path
            d="M7 14H5v5h5v-2H7v-3zm-2-4h2V7h3V5H5v5zm12 7h-3v2h5v-5h-2v3zM14 5v2h3v3h2V5h-5z"
          />
        </svg>
        <span
          className="MuiTouchRipple-root css-8je8zh-MuiTouchRipple-root"
        />
      </button>
    </div>
  </header>
  <main
    className="GridPlayer-content-6"
  >
    <div />
    <div
      className="MuiContainer-root GridPlayer-container-7 css-ur2jdm-MuiContainer-root"
    >
      <div
        className="GridPlayer-grid-8"
        style={
          {
            "gridTemplateColumns": "100% ",
            "gridTemplateRows": "100% ",
          }
        }
      >
        <div
          className="GridPlayer-gridCell-9 GridPlayer-hidden-11"
        />
      </div>
    </div>
  </main>
</div>
`;
