// Jest Snapshot v1, https://goo.gl/fbAQLP

exports[`Strobe should match snapshot 1`] = `
[
  <div
    style={
      {
        "backgroundColor": "rgba(255, 255, 255, 1)",
        "bottom": 0,
        "left": 0,
        "opacity": 1,
        "position": "absolute",
        "right": 0,
        "top": 0,
        "zIndex": 0,
      }
    }
  >
    <p>
      Test
    </p>
  </div>,
  <div
    style={
      {
        "backgroundColor": "rgba(255, 255, 255, 1)",
        "bottom": 0,
        "left": 0,
        "opacity": 1,
        "position": "absolute",
        "right": 0,
        "top": 0,
        "zIndex": 0,
      }
    }
  >
    <p>
      Test
    </p>
  </div>,
]
`;
