// Jest Snapshot v1, https://goo.gl/fbAQLP

exports[`SceneOptionCard should match snapshot 1`] = `
<div
  className="MuiGrid-root MuiGrid-container MuiGrid-spacing-xs-2 css-ofrcno-MuiGrid-root"
>
  <div
    className="MuiGrid-root MuiGrid-item MuiGrid-grid-xs-12 css-1idn90j-MuiGrid-root"
  >
    <div
      className="MuiGrid-root MuiGrid-container MuiGrid-spacing-xs-2 css-ofrcno-MuiGrid-root"
    >
      <div
        className="MuiGrid-root MuiGrid-item MuiGrid-grid-xs-12 MuiGrid-grid-sm-4 css-wg4xta-MuiGrid-root"
        style={
          {
            "paddingTop": 10,
          }
        }
      >
        <div
          className="MuiFormControl-root SceneOptionCard-fullWidth-1 css-1nrlq1o-MuiFormControl-root"
        >
          <label
            className="MuiFormLabel-root MuiInputLabel-root MuiInputLabel-formControl MuiInputLabel-animated MuiInputLabel-shrink MuiInputLabel-standard MuiFormLabel-colorPrimary MuiFormLabel-filled MuiInputLabel-root MuiInputLabel-formControl MuiInputLabel-animated MuiInputLabel-shrink MuiInputLabel-standard css-syr9i-MuiFormLabel-root-MuiInputLabel-root"
            data-shrink={true}
          >
            Timing
          </label>
          <div
            className="MuiInputBase-root MuiInput-root MuiInput-underline MuiInputBase-colorPrimary MuiInputBase-formControl  css-1ktbog5-MuiInputBase-root-MuiInput-root-MuiSelect-root"
            onClick={[Function]}
          >
            <div
              aria-expanded="false"
              aria-haspopup="listbox"
              className="MuiSelect-select MuiSelect-standard MuiInputBase-input MuiInput-input css-1rxz5jq-MuiSelect-select-MuiInputBase-input-MuiInput-input"
              onBlur={[Function]}
              onFocus={[Function]}
              onKeyDown={[Function]}
              onMouseDown={[Function]}
              role="button"
              tabIndex={0}
            >
              Constant
            </div>
            <input
              aria-hidden={true}
              aria-invalid={false}
              className="MuiSelect-nativeInput css-yf8vq0-MuiSelect-nativeInput"
              disabled={false}
              onAnimationStart={[Function]}
              onChange={[Function]}
              required={false}
              tabIndex={-1}
              value="tf.c"
            />
            <svg
              aria-hidden={true}
              className="MuiSvgIcon-root MuiSvgIcon-fontSizeMedium MuiSelect-icon MuiSelect-iconStandard css-pqjvzy-MuiSvgIcon-root-MuiSelect-icon"
              data-testid="ArrowDropDownIcon"
              focusable="false"
              viewBox="0 0 24 24"
            >
              <path
                d="M7 10l5 5 5-5z"
              />
            </svg>
          </div>
        </div>
      </div>
      <div
        className="MuiGrid-root MuiGrid-item MuiGrid-grid-xs-12 MuiGrid-grid-sm-8 css-o4bg9w-MuiGrid-root"
      >
        <div
          className="MuiCollapse-root MuiCollapse-vertical SceneOptionCard-fullWidth-1 MuiCollapse-hidden css-bz4dnt-MuiCollapse-root"
          style={
            {
              "minHeight": "0px",
            }
          }
        >
          <div
            className="MuiCollapse-wrapper MuiCollapse-vertical css-smkl36-MuiCollapse-wrapper"
          >
            <div
              className="MuiCollapse-wrapperInner MuiCollapse-vertical css-9l5vo-MuiCollapse-wrapperInner"
            >
              <div
                className="MuiTypography-root MuiTypography-caption css-ol7wxs-MuiTypography-root"
              >
                Wave Rate
              </div>
              <div
                className="MuiGrid-root MuiGrid-container css-1vam7s3-MuiGrid-root"
              >
                <div
                  className="MuiGrid-root MuiGrid-item MuiGrid-grid-xs-true css-1vd824g-MuiGrid-root"
                >
                  <Slider
                    aria-labelledby="scene-sin-rate-slider"
                    defaultValue={100}
                    min={1}
                    onChangeCommitted={[Function]}
                    valueLabelDisplay="auto"
                  />
                </div>
                <div
                  className="MuiGrid-root MuiGrid-item MuiGrid-grid-xs-3 SceneOptionCard-percentInput-7 css-1equabv-MuiGrid-root"
                >
                  <div
                    className="MuiFormControl-root MuiTextField-root css-1u3bzj6-MuiFormControl-root-MuiTextField-root"
                  >
                    <div
                      className="MuiInputBase-root MuiInput-root MuiInput-underline MuiInputBase-colorPrimary MuiInputBase-formControl css-cwspju-MuiInputBase-root-MuiInput-root"
                      onClick={[Function]}
                    >
                      <input
                        aria-invalid={false}
                        aria-labelledby="scene-sin-rate-slider"
                        autoFocus={false}
                        className="MuiInputBase-input MuiInput-input SceneOptionCard-endInput-6 css-1x51dt5-MuiInputBase-input-MuiInput-input"
                        disabled={false}
                        id="mui-1"
                        max={100}
                        min={0}
                        onAnimationStart={[Function]}
                        onBlur={[Function]}
                        onChange={[Function]}
                        onFocus={[Function]}
                        required={false}
                        step={5}
                        type="number"
                        value={100}
                      />
                    </div>
                  </div>
                </div>
              </div>
            </div>
          </div>
        </div>
        <div
          className="MuiCollapse-root MuiCollapse-vertical SceneOptionCard-fullWidth-1 MuiCollapse-hidden css-bz4dnt-MuiCollapse-root"
          style={
            {
              "minHeight": "0px",
            }
          }
        >
          <div
            className="MuiCollapse-wrapper MuiCollapse-vertical css-smkl36-MuiCollapse-wrapper"
          >
            <div
              className="MuiCollapse-wrapperInner MuiCollapse-vertical css-9l5vo-MuiCollapse-wrapperInner"
            >
              <div
                className="MuiTypography-root MuiTypography-caption css-ol7wxs-MuiTypography-root"
              >
                BPM Multiplier 
                1
                x
              </div>
              <Slider
                aria-labelledby="scene-bpm-multi-slider"
                defaultValue={10}
                max={100}
                min={1}
                onChangeCommitted={[Function]}
                valueLabelDisplay="auto"
                valueLabelFormat={[Function]}
              />
            </div>
          </div>
        </div>
        <div
          className="MuiCollapse-root MuiCollapse-vertical SceneOptionCard-fullWidth-1 MuiCollapse-entered css-pwcg7p-MuiCollapse-root"
          style={
            {
              "minHeight": "0px",
            }
          }
        >
          <div
            className="MuiCollapse-wrapper MuiCollapse-vertical css-smkl36-MuiCollapse-wrapper"
          >
            <div
              className="MuiCollapse-wrapperInner MuiCollapse-vertical css-9l5vo-MuiCollapse-wrapperInner"
            >
              <div
                className="MuiFormControl-root MuiFormControl-marginDense MuiTextField-root css-4mzek5-MuiFormControl-root-MuiTextField-root"
              >
                <label
                  className="MuiFormLabel-root MuiInputLabel-root MuiInputLabel-formControl MuiInputLabel-animated MuiInputLabel-shrink MuiInputLabel-outlined MuiFormLabel-colorPrimary MuiFormLabel-filled MuiInputLabel-root MuiInputLabel-formControl MuiInputLabel-animated MuiInputLabel-shrink MuiInputLabel-outlined css-uogadk-MuiFormLabel-root-MuiInputLabel-root"
                  data-shrink={true}
                  htmlFor="mui-2"
                  id="mui-2-label"
                >
                  For
                </label>
                <div
                  className="MuiInputBase-root MuiOutlinedInput-root MuiInputBase-colorPrimary MuiInputBase-formControl MuiInputBase-adornedEnd css-plngxy-MuiInputBase-root-MuiOutlinedInput-root"
                  onClick={[Function]}
                >
                  <input
                    aria-invalid={false}
                    autoFocus={false}
                    className="MuiInputBase-input MuiOutlinedInput-input MuiInputBase-inputAdornedEnd css-nxo287-MuiInputBase-input-MuiOutlinedInput-input"
                    disabled={false}
                    id="mui-2"
                    min={0}
                    onAnimationStart={[Function]}
                    onBlur={[Function]}
                    onChange={[Function]}
                    onFocus={[Function]}
                    required={false}
                    step={100}
                    type="number"
                    value={1000}
                  />
                  <div
                    className="MuiInputAdornment-root MuiInputAdornment-positionEnd MuiInputAdornment-outlined MuiInputAdornment-sizeMedium css-1laqsz7-MuiInputAdornment-root"
                  >
                    <p
                      className="MuiTypography-root MuiTypography-body1 css-1pnmrwp-MuiTypography-root"
                    >
                      ms
                    </p>
                  </div>
                  <fieldset
                    aria-hidden={true}
                    className="MuiOutlinedInput-notchedOutline css-1d3z3hw-MuiOutlinedInput-notchedOutline"
                  >
                    <legend
                      className="css-14lo706"
                    >
                      <span>
                        For
                      </span>
                    </legend>
                  </fieldset>
                </div>
              </div>
            </div>
          </div>
        </div>
      </div>
    </div>
  </div>
  <div
    className="MuiGrid-root MuiGrid-item MuiGrid-grid-xs-12 css-1idn90j-MuiGrid-root"
  >
    <div
      className="MuiCollapse-root MuiCollapse-vertical SceneOptionCard-fullWidth-1 MuiCollapse-hidden css-bz4dnt-MuiCollapse-root"
      style={
        {
          "minHeight": "0px",
        }
      }
    >
      <div
        className="MuiCollapse-wrapper MuiCollapse-vertical css-smkl36-MuiCollapse-wrapper"
      >
        <div
          className="MuiCollapse-wrapperInner MuiCollapse-vertical css-9l5vo-MuiCollapse-wrapperInner"
        >
          <div
            className="MuiGrid-root MuiGrid-container css-1vam7s3-MuiGrid-root"
          >
            <div
              className="MuiGrid-root MuiGrid-item MuiGrid-grid-xs-12 MuiGrid-grid-sm-6 css-1b3l6lk-MuiGrid-root"
            >
              <div
                className="MuiFormControl-root MuiFormControl-marginDense MuiTextField-root css-4mzek5-MuiFormControl-root-MuiTextField-root"
              >
                <label
                  className="MuiFormLabel-root MuiInputLabel-root MuiInputLabel-formControl MuiInputLabel-animated MuiInputLabel-shrink MuiInputLabel-outlined MuiFormLabel-colorPrimary MuiFormLabel-filled MuiInputLabel-root MuiInputLabel-formControl MuiInputLabel-animated MuiInputLabel-shrink MuiInputLabel-outlined css-uogadk-MuiFormLabel-root-MuiInputLabel-root"
                  data-shrink={true}
                  htmlFor="mui-3"
                  id="mui-3-label"
                >
                  Between
                </label>
                <div
                  className="MuiInputBase-root MuiOutlinedInput-root MuiInputBase-colorPrimary MuiInputBase-formControl MuiInputBase-adornedEnd css-plngxy-MuiInputBase-root-MuiOutlinedInput-root"
                  onClick={[Function]}
                >
                  <input
                    aria-invalid={false}
                    autoFocus={false}
                    className="MuiInputBase-input MuiOutlinedInput-input MuiInputBase-inputAdornedEnd css-nxo287-MuiInputBase-input-MuiOutlinedInput-input"
                    disabled={false}
                    id="mui-3"
                    min={0}
                    onAnimationStart={[Function]}
                    onBlur={[Function]}
                    onChange={[Function]}
                    onFocus={[Function]}
                    required={false}
                    step={100}
                    type="number"
                    value={200}
                  />
                  <div
                    className="MuiInputAdornment-root MuiInputAdornment-positionEnd MuiInputAdornment-outlined MuiInputAdornment-sizeMedium css-1laqsz7-MuiInputAdornment-root"
                  >
                    <p
                      className="MuiTypography-root MuiTypography-body1 css-1pnmrwp-MuiTypography-root"
                    >
                      ms
                    </p>
                  </div>
                  <fieldset
                    aria-hidden={true}
                    className="MuiOutlinedInput-notchedOutline css-1d3z3hw-MuiOutlinedInput-notchedOutline"
                  >
                    <legend
                      className="css-14lo706"
                    >
                      <span>
                        Between
                      </span>
                    </legend>
                  </fieldset>
                </div>
              </div>
            </div>
            <div
              className="MuiGrid-root MuiGrid-item MuiGrid-grid-xs-12 MuiGrid-grid-sm-6 css-1b3l6lk-MuiGrid-root"
            >
              <div
                className="MuiFormControl-root MuiFormControl-marginDense MuiTextField-root css-4mzek5-MuiFormControl-root-MuiTextField-root"
              >
                <label
                  className="MuiFormLabel-root MuiInputLabel-root MuiInputLabel-formControl MuiInputLabel-animated MuiInputLabel-shrink MuiInputLabel-outlined MuiFormLabel-colorPrimary MuiFormLabel-filled MuiInputLabel-root MuiInputLabel-formControl MuiInputLabel-animated MuiInputLabel-shrink MuiInputLabel-outlined css-uogadk-MuiFormLabel-root-MuiInputLabel-root"
                  data-shrink={true}
                  htmlFor="mui-4"
                  id="mui-4-label"
                >
                  and
                </label>
                <div
                  className="MuiInputBase-root MuiOutlinedInput-root MuiInputBase-colorPrimary MuiInputBase-formControl MuiInputBase-adornedEnd css-plngxy-MuiInputBase-root-MuiOutlinedInput-root"
                  onClick={[Function]}
                >
                  <input
                    aria-invalid={false}
                    autoFocus={false}
                    className="MuiInputBase-input MuiOutlinedInput-input MuiInputBase-inputAdornedEnd css-nxo287-MuiInputBase-input-MuiOutlinedInput-input"
                    disabled={false}
                    id="mui-4"
                    min={0}
                    onAnimationStart={[Function]}
                    onBlur={[Function]}
                    onChange={[Function]}
                    onFocus={[Function]}
                    required={false}
                    step={100}
                    type="number"
                    value={1200}
                  />
                  <div
                    className="MuiInputAdornment-root MuiInputAdornment-positionEnd MuiInputAdornment-outlined MuiInputAdornment-sizeMedium css-1laqsz7-MuiInputAdornment-root"
                  >
                    <p
                      className="MuiTypography-root MuiTypography-body1 css-1pnmrwp-MuiTypography-root"
                    >
                      ms
                    </p>
                  </div>
                  <fieldset
                    aria-hidden={true}
                    className="MuiOutlinedInput-notchedOutline css-1d3z3hw-MuiOutlinedInput-notchedOutline"
                  >
                    <legend
                      className="css-14lo706"
                    >
                      <span>
                        and
                      </span>
                    </legend>
                  </fieldset>
                </div>
              </div>
            </div>
          </div>
        </div>
      </div>
    </div>
  </div>
  <div
    className="MuiGrid-root MuiGrid-item MuiGrid-grid-xs-12 css-1idn90j-MuiGrid-root"
  >
    <hr
      className="MuiDivider-root MuiDivider-fullWidth css-9mgopn-MuiDivider-root"
    />
  </div>
  <div
    className="MuiGrid-root MuiGrid-item MuiGrid-grid-xs-12 css-1idn90j-MuiGrid-root"
  >
    <div
      className="MuiGrid-root MuiGrid-container css-1vam7s3-MuiGrid-root"
    >
      <div
        className="MuiGrid-root MuiGrid-item MuiGrid-grid-xs-12 css-1idn90j-MuiGrid-root"
      >
        <label
          aria-label="Go back and forth between the last two images"
          aria-labelledby={null}
          className="MuiFormControlLabel-root MuiFormControlLabel-labelPlacementEnd css-j204z7-MuiFormControlLabel-root"
          data-mui-internal-clone-element={true}
          onBlur={[Function]}
          onFocus={[Function]}
          onMouseLeave={[Function]}
          onMouseOver={[Function]}
          onTouchEnd={[Function]}
          onTouchStart={[Function]}
        >
          <span
            className="MuiSwitch-root MuiSwitch-sizeMedium css-julti5-MuiSwitch-root"
          >
            <span
              className="MuiButtonBase-root MuiSwitch-switchBase MuiSwitch-colorPrimary PrivateSwitchBase-root MuiSwitch-switchBase MuiSwitch-colorPrimary css-1flv81n-MuiButtonBase-root-MuiSwitch-switchBase"
              onBlur={[Function]}
              onContextMenu={[Function]}
              onDragLeave={[Function]}
              onFocus={[Function]}
              onKeyDown={[Function]}
              onKeyUp={[Function]}
              onMouseDown={[Function]}
              onMouseLeave={[Function]}
              onMouseUp={[Function]}
              onTouchEnd={[Function]}
              onTouchMove={[Function]}
              onTouchStart={[Function]}
              tabIndex={null}
            >
              <input
                checked={false}
                className="PrivateSwitchBase-input MuiSwitch-input css-1m9pwf3"
                onChange={[Function]}
                required={false}
                type="checkbox"
              />
              <span
                className="MuiSwitch-thumb css-jsexje-MuiSwitch-thumb"
              />
              <span
                className="MuiTouchRipple-root css-8je8zh-MuiTouchRipple-root"
              />
            </span>
            <span
              className="MuiSwitch-track css-1yjjitx-MuiSwitch-track"
            />
          </span>
          <span
            className="MuiTypography-root MuiTypography-body1 MuiFormControlLabel-label css-ahj2mt-MuiTypography-root"
          >
            Back/Forth
          </span>
        </label>
      </div>
    </div>
    <div
      className="MuiCollapse-root MuiCollapse-vertical MuiCollapse-hidden css-bz4dnt-MuiCollapse-root"
      style={
        {
          "minHeight": "0px",
        }
      }
    >
      <div
        className="MuiCollapse-wrapper MuiCollapse-vertical css-smkl36-MuiCollapse-wrapper"
      >
        <div
          className="MuiCollapse-wrapperInner MuiCollapse-vertical css-9l5vo-MuiCollapse-wrapperInner"
        >
          <div
            className="MuiGrid-root MuiGrid-container MuiGrid-spacing-xs-2 css-ofrcno-MuiGrid-root"
          >
            <div
              className="MuiGrid-root MuiGrid-item MuiGrid-grid-xs-12 MuiGrid-grid-sm-4 css-wg4xta-MuiGrid-root"
              style={
                {
                  "paddingTop": 10,
                }
              }
            >
              <div
                className="MuiFormControl-root SceneOptionCard-fullWidth-1 css-1nrlq1o-MuiFormControl-root"
              >
                <label
                  className="MuiFormLabel-root MuiInputLabel-root MuiInputLabel-formControl MuiInputLabel-animated MuiInputLabel-shrink MuiInputLabel-standard MuiFormLabel-colorPrimary MuiFormLabel-filled MuiInputLabel-root MuiInputLabel-formControl MuiInputLabel-animated MuiInputLabel-shrink MuiInputLabel-standard css-syr9i-MuiFormLabel-root-MuiInputLabel-root"
                  data-shrink={true}
                >
                  Back/Forth Timing
                </label>
                <div
                  className="MuiInputBase-root MuiInput-root MuiInput-underline MuiInputBase-colorPrimary MuiInputBase-formControl  css-1ktbog5-MuiInputBase-root-MuiInput-root-MuiSelect-root"
                  onClick={[Function]}
                >
                  <div
                    aria-expanded="false"
                    aria-haspopup="listbox"
                    className="MuiSelect-select MuiSelect-standard MuiInputBase-input MuiInput-input css-1rxz5jq-MuiSelect-select-MuiInputBase-input-MuiInput-input"
                    onBlur={[Function]}
                    onFocus={[Function]}
                    onKeyDown={[Function]}
                    onMouseDown={[Function]}
                    role="button"
                    tabIndex={0}
                  >
                    Constant
                  </div>
                  <input
                    aria-hidden={true}
                    aria-invalid={false}
                    className="MuiSelect-nativeInput css-yf8vq0-MuiSelect-nativeInput"
                    disabled={false}
                    onAnimationStart={[Function]}
                    onChange={[Function]}
                    required={false}
                    tabIndex={-1}
                    value="tf.c"
                  />
                  <svg
                    aria-hidden={true}
                    className="MuiSvgIcon-root MuiSvgIcon-fontSizeMedium MuiSelect-icon MuiSelect-iconStandard css-pqjvzy-MuiSvgIcon-root-MuiSelect-icon"
                    data-testid="ArrowDropDownIcon"
                    focusable="false"
                    viewBox="0 0 24 24"
                  >
                    <path
                      d="M7 10l5 5 5-5z"
                    />
                  </svg>
                </div>
              </div>
            </div>
            <div
              className="MuiGrid-root MuiGrid-item MuiGrid-grid-xs-12 MuiGrid-grid-sm-8 css-o4bg9w-MuiGrid-root"
            >
              <div
                className="MuiCollapse-root MuiCollapse-vertical SceneOptionCard-fullWidth-1 MuiCollapse-hidden css-bz4dnt-MuiCollapse-root"
                style={
                  {
                    "minHeight": "0px",
                  }
                }
              >
                <div
                  className="MuiCollapse-wrapper MuiCollapse-vertical css-smkl36-MuiCollapse-wrapper"
                >
                  <div
                    className="MuiCollapse-wrapperInner MuiCollapse-vertical css-9l5vo-MuiCollapse-wrapperInner"
                  >
                    <div
                      className="MuiTypography-root MuiTypography-caption css-ol7wxs-MuiTypography-root"
                    >
                      Wave Rate
                    </div>
                    <div
                      className="MuiGrid-root MuiGrid-container css-1vam7s3-MuiGrid-root"
                    >
                      <div
                        className="MuiGrid-root MuiGrid-item MuiGrid-grid-xs-true css-1vd824g-MuiGrid-root"
                      >
                        <Slider
                          aria-labelledby="bf-sin-rate-slider"
                          defaultValue={100}
                          min={1}
                          onChangeCommitted={[Function]}
                          valueLabelDisplay="auto"
                        />
                      </div>
                      <div
                        className="MuiGrid-root MuiGrid-item MuiGrid-grid-xs-3 SceneOptionCard-percentInput-7 css-1equabv-MuiGrid-root"
                      >
                        <div
                          className="MuiFormControl-root MuiTextField-root css-1u3bzj6-MuiFormControl-root-MuiTextField-root"
                        >
                          <div
                            className="MuiInputBase-root MuiInput-root MuiInput-underline MuiInputBase-colorPrimary MuiInputBase-formControl css-cwspju-MuiInputBase-root-MuiInput-root"
                            onClick={[Function]}
                          >
                            <input
                              aria-invalid={false}
                              aria-labelledby="bf-sin-rate-slider"
                              autoFocus={false}
                              className="MuiInputBase-input MuiInput-input SceneOptionCard-endInput-6 css-1x51dt5-MuiInputBase-input-MuiInput-input"
                              disabled={false}
                              id="mui-6"
                              max={100}
                              min={0}
                              onAnimationStart={[Function]}
                              onBlur={[Function]}
                              onChange={[Function]}
                              onFocus={[Function]}
                              required={false}
                              step={5}
                              type="number"
                              value={100}
                            />
                          </div>
                        </div>
                      </div>
                    </div>
                  </div>
                </div>
              </div>
              <div
                className="MuiCollapse-root MuiCollapse-vertical SceneOptionCard-fullWidth-1 MuiCollapse-hidden css-bz4dnt-MuiCollapse-root"
                style={
                  {
                    "minHeight": "0px",
                  }
                }
              >
                <div
                  className="MuiCollapse-wrapper MuiCollapse-vertical css-smkl36-MuiCollapse-wrapper"
                >
                  <div
                    className="MuiCollapse-wrapperInner MuiCollapse-vertical css-9l5vo-MuiCollapse-wrapperInner"
                  >
                    <div
                      className="MuiTypography-root MuiTypography-caption css-ol7wxs-MuiTypography-root"
                    >
                      BPM Multiplier 
                      1
                      x
                    </div>
                    <Slider
                      aria-labelledby="bf-bpm-multi-slider"
                      defaultValue={10}
                      max={100}
                      min={1}
                      onChangeCommitted={[Function]}
                      valueLabelDisplay="auto"
                      valueLabelFormat={[Function]}
                    />
                  </div>
                </div>
              </div>
              <div
                className="MuiCollapse-root MuiCollapse-vertical SceneOptionCard-fullWidth-1 MuiCollapse-entered css-pwcg7p-MuiCollapse-root"
                style={
                  {
                    "minHeight": "0px",
                  }
                }
              >
                <div
                  className="MuiCollapse-wrapper MuiCollapse-vertical css-smkl36-MuiCollapse-wrapper"
                >
                  <div
                    className="MuiCollapse-wrapperInner MuiCollapse-vertical css-9l5vo-MuiCollapse-wrapperInner"
                  >
                    <div
                      className="MuiFormControl-root MuiFormControl-marginDense MuiTextField-root css-4mzek5-MuiFormControl-root-MuiTextField-root"
                    >
                      <label
                        className="MuiFormLabel-root MuiInputLabel-root MuiInputLabel-formControl MuiInputLabel-animated MuiInputLabel-shrink MuiInputLabel-outlined MuiFormLabel-colorPrimary MuiFormLabel-filled MuiInputLabel-root MuiInputLabel-formControl MuiInputLabel-animated MuiInputLabel-shrink MuiInputLabel-outlined css-uogadk-MuiFormLabel-root-MuiInputLabel-root"
                        data-shrink={true}
                        htmlFor="mui-7"
                        id="mui-7-label"
                      >
                        Every
                      </label>
                      <div
                        className="MuiInputBase-root MuiOutlinedInput-root MuiInputBase-colorPrimary MuiInputBase-formControl MuiInputBase-adornedEnd css-plngxy-MuiInputBase-root-MuiOutlinedInput-root"
                        onClick={[Function]}
                      >
                        <input
                          aria-invalid={false}
                          autoFocus={false}
                          className="MuiInputBase-input MuiOutlinedInput-input MuiInputBase-inputAdornedEnd css-nxo287-MuiInputBase-input-MuiOutlinedInput-input"
                          disabled={false}
                          id="mui-7"
                          min={0}
                          onAnimationStart={[Function]}
                          onBlur={[Function]}
                          onChange={[Function]}
                          onFocus={[Function]}
                          required={false}
                          step={100}
                          type="number"
                          value={1000}
                        />
                        <div
                          className="MuiInputAdornment-root MuiInputAdornment-positionEnd MuiInputAdornment-outlined MuiInputAdornment-sizeMedium css-1laqsz7-MuiInputAdornment-root"
                        >
                          <p
                            className="MuiTypography-root MuiTypography-body1 css-1pnmrwp-MuiTypography-root"
                          >
                            ms
                          </p>
                        </div>
                        <fieldset
                          aria-hidden={true}
                          className="MuiOutlinedInput-notchedOutline css-1d3z3hw-MuiOutlinedInput-notchedOutline"
                        >
                          <legend
                            className="css-14lo706"
                          >
                            <span>
                              Every
                            </span>
                          </legend>
                        </fieldset>
                      </div>
                    </div>
                  </div>
                </div>
              </div>
            </div>
          </div>
        </div>
      </div>
    </div>
  </div>
  <div
    className="MuiGrid-root MuiGrid-item MuiGrid-grid-xs-12 SceneOptionCard-noPadding-3 css-1idn90j-MuiGrid-root"
  >
    <div
      className="MuiCollapse-root MuiCollapse-vertical SceneOptionCard-fullWidth-1 MuiCollapse-hidden css-bz4dnt-MuiCollapse-root"
      style={
        {
          "minHeight": "0px",
        }
      }
    >
      <div
        className="MuiCollapse-wrapper MuiCollapse-vertical css-smkl36-MuiCollapse-wrapper"
      >
        <div
          className="MuiCollapse-wrapperInner MuiCollapse-vertical css-9l5vo-MuiCollapse-wrapperInner"
        >
          <div
            className="MuiGrid-root MuiGrid-container css-1vam7s3-MuiGrid-root"
          >
            <div
              className="MuiGrid-root MuiGrid-item MuiGrid-grid-xs-12 MuiGrid-grid-sm-6 css-1b3l6lk-MuiGrid-root"
            >
              <div
                className="MuiFormControl-root MuiFormControl-marginDense MuiTextField-root css-4mzek5-MuiFormControl-root-MuiTextField-root"
              >
                <label
                  className="MuiFormLabel-root MuiInputLabel-root MuiInputLabel-formControl MuiInputLabel-animated MuiInputLabel-shrink MuiInputLabel-outlined MuiFormLabel-colorPrimary MuiFormLabel-filled MuiInputLabel-root MuiInputLabel-formControl MuiInputLabel-animated MuiInputLabel-shrink MuiInputLabel-outlined css-uogadk-MuiFormLabel-root-MuiInputLabel-root"
                  data-shrink={true}
                  htmlFor="mui-8"
                  id="mui-8-label"
                >
                  Between
                </label>
                <div
                  className="MuiInputBase-root MuiOutlinedInput-root MuiInputBase-colorPrimary MuiInputBase-formControl MuiInputBase-adornedEnd css-plngxy-MuiInputBase-root-MuiOutlinedInput-root"
                  onClick={[Function]}
                >
                  <input
                    aria-invalid={false}
                    autoFocus={false}
                    className="MuiInputBase-input MuiOutlinedInput-input MuiInputBase-inputAdornedEnd css-nxo287-MuiInputBase-input-MuiOutlinedInput-input"
                    disabled={false}
                    id="mui-8"
                    min={0}
                    onAnimationStart={[Function]}
                    onBlur={[Function]}
                    onChange={[Function]}
                    onFocus={[Function]}
                    required={false}
                    step={100}
                    type="number"
                    value={200}
                  />
                  <div
                    className="MuiInputAdornment-root MuiInputAdornment-positionEnd MuiInputAdornment-outlined MuiInputAdornment-sizeMedium css-1laqsz7-MuiInputAdornment-root"
                  >
                    <p
                      className="MuiTypography-root MuiTypography-body1 css-1pnmrwp-MuiTypography-root"
                    >
                      ms
                    </p>
                  </div>
                  <fieldset
                    aria-hidden={true}
                    className="MuiOutlinedInput-notchedOutline css-1d3z3hw-MuiOutlinedInput-notchedOutline"
                  >
                    <legend
                      className="css-14lo706"
                    >
                      <span>
                        Between
                      </span>
                    </legend>
                  </fieldset>
                </div>
              </div>
            </div>
            <div
              className="MuiGrid-root MuiGrid-item MuiGrid-grid-xs-12 MuiGrid-grid-sm-6 css-1b3l6lk-MuiGrid-root"
            >
              <div
                className="MuiFormControl-root MuiFormControl-marginDense MuiTextField-root css-4mzek5-MuiFormControl-root-MuiTextField-root"
              >
                <label
                  className="MuiFormLabel-root MuiInputLabel-root MuiInputLabel-formControl MuiInputLabel-animated MuiInputLabel-shrink MuiInputLabel-outlined MuiFormLabel-colorPrimary MuiFormLabel-filled MuiInputLabel-root MuiInputLabel-formControl MuiInputLabel-animated MuiInputLabel-shrink MuiInputLabel-outlined css-uogadk-MuiFormLabel-root-MuiInputLabel-root"
                  data-shrink={true}
                  htmlFor="mui-9"
                  id="mui-9-label"
                >
                  and
                </label>
                <div
                  className="MuiInputBase-root MuiOutlinedInput-root MuiInputBase-colorPrimary MuiInputBase-formControl MuiInputBase-adornedEnd css-plngxy-MuiInputBase-root-MuiOutlinedInput-root"
                  onClick={[Function]}
                >
                  <input
                    aria-invalid={false}
                    autoFocus={false}
                    className="MuiInputBase-input MuiOutlinedInput-input MuiInputBase-inputAdornedEnd css-nxo287-MuiInputBase-input-MuiOutlinedInput-input"
                    disabled={false}
                    id="mui-9"
                    min={0}
                    onAnimationStart={[Function]}
                    onBlur={[Function]}
                    onChange={[Function]}
                    onFocus={[Function]}
                    required={false}
                    step={100}
                    type="number"
                    value={1200}
                  />
                  <div
                    className="MuiInputAdornment-root MuiInputAdornment-positionEnd MuiInputAdornment-outlined MuiInputAdornment-sizeMedium css-1laqsz7-MuiInputAdornment-root"
                  >
                    <p
                      className="MuiTypography-root MuiTypography-body1 css-1pnmrwp-MuiTypography-root"
                    >
                      ms
                    </p>
                  </div>
                  <fieldset
                    aria-hidden={true}
                    className="MuiOutlinedInput-notchedOutline css-1d3z3hw-MuiOutlinedInput-notchedOutline"
                  >
                    <legend
                      className="css-14lo706"
                    >
                      <span>
                        and
                      </span>
                    </legend>
                  </fieldset>
                </div>
              </div>
            </div>
          </div>
        </div>
      </div>
    </div>
  </div>
  <div
    className="MuiGrid-root MuiGrid-item MuiGrid-grid-xs-12 css-1idn90j-MuiGrid-root"
  >
    <hr
      className="MuiDivider-root MuiDivider-fullWidth css-9mgopn-MuiDivider-root"
    />
  </div>
  <div
    className="MuiGrid-root MuiGrid-item MuiGrid-grid-xs-12 css-1idn90j-MuiGrid-root"
  >
    <div
      className="MuiGrid-root MuiGrid-container MuiGrid-spacing-xs-2 css-ofrcno-MuiGrid-root"
    >
      <div
        className="MuiGrid-root MuiGrid-item MuiGrid-grid-xs-12 MuiGrid-grid-sm-6 css-1b3l6lk-MuiGrid-root"
      >
        <div
          className="MuiFormControl-root SceneOptionCard-fullWidth-1 css-1nrlq1o-MuiFormControl-root"
        >
          <label
            className="MuiFormLabel-root MuiInputLabel-root MuiInputLabel-formControl MuiInputLabel-animated MuiInputLabel-shrink MuiInputLabel-standard MuiFormLabel-colorPrimary MuiFormLabel-filled MuiInputLabel-root MuiInputLabel-formControl MuiInputLabel-animated MuiInputLabel-shrink MuiInputLabel-standard css-syr9i-MuiFormLabel-root-MuiInputLabel-root"
            data-shrink={true}
          >
            Image Sizing
          </label>
          <div
            className="MuiInputBase-root MuiInput-root MuiInput-underline MuiInputBase-colorPrimary MuiInputBase-formControl  css-1ktbog5-MuiInputBase-root-MuiInput-root-MuiSelect-root"
            onClick={[Function]}
          >
            <div
              aria-expanded="false"
              aria-haspopup="listbox"
              className="MuiSelect-select MuiSelect-standard MuiInputBase-input MuiInput-input css-1rxz5jq-MuiSelect-select-MuiInputBase-input-MuiInput-input"
              onBlur={[Function]}
              onFocus={[Function]}
              onKeyDown={[Function]}
              onMouseDown={[Function]}
              role="button"
              tabIndex={0}
            >
              Fit Best (No Clipping)
            </div>
            <input
              aria-hidden={true}
              aria-invalid={false}
              className="MuiSelect-nativeInput css-yf8vq0-MuiSelect-nativeInput"
              disabled={false}
              onAnimationStart={[Function]}
              onChange={[Function]}
              required={false}
              tabIndex={-1}
              value="it.fitBestNoClip"
            />
            <svg
              aria-hidden={true}
              className="MuiSvgIcon-root MuiSvgIcon-fontSizeMedium MuiSelect-icon MuiSelect-iconStandard css-pqjvzy-MuiSvgIcon-root-MuiSelect-icon"
              data-testid="ArrowDropDownIcon"
              focusable="false"
              viewBox="0 0 24 24"
            >
              <path
                d="M7 10l5 5 5-5z"
              />
            </svg>
          </div>
        </div>
      </div>
      <div
        className="MuiGrid-root MuiGrid-item MuiGrid-grid-xs-12 MuiGrid-grid-sm-6 css-1b3l6lk-MuiGrid-root"
      />
      <div
        className="MuiGrid-root MuiGrid-item MuiGrid-grid-xs-12 MuiGrid-grid-sm-4 css-wg4xta-MuiGrid-root"
      >
        <div
          className="MuiFormControl-root SceneOptionCard-fullWidth-1 css-1nrlq1o-MuiFormControl-root"
        >
          <label
            className="MuiFormLabel-root MuiInputLabel-root MuiInputLabel-formControl MuiInputLabel-animated MuiInputLabel-shrink MuiInputLabel-standard MuiFormLabel-colorPrimary MuiFormLabel-filled MuiInputLabel-root MuiInputLabel-formControl MuiInputLabel-animated MuiInputLabel-shrink MuiInputLabel-standard css-syr9i-MuiFormLabel-root-MuiInputLabel-root"
            data-shrink={true}
          >
            Background
          </label>
          <div
            className="MuiInputBase-root MuiInput-root MuiInput-underline MuiInputBase-colorPrimary MuiInputBase-formControl  css-1ktbog5-MuiInputBase-root-MuiInput-root-MuiSelect-root"
            onClick={[Function]}
          >
            <div
              aria-expanded="false"
              aria-haspopup="listbox"
              className="MuiSelect-select MuiSelect-standard MuiInputBase-input MuiInput-input css-1rxz5jq-MuiSelect-select-MuiInputBase-input-MuiInput-input"
              onBlur={[Function]}
              onFocus={[Function]}
              onKeyDown={[Function]}
              onMouseDown={[Function]}
              role="button"
              tabIndex={0}
            >
              Blurred
            </div>
            <input
              aria-hidden={true}
              aria-invalid={false}
              className="MuiSelect-nativeInput css-yf8vq0-MuiSelect-nativeInput"
              disabled={false}
              onAnimationStart={[Function]}
              onChange={[Function]}
              required={false}
              tabIndex={-1}
              value="bt.blur"
            />
            <svg
              aria-hidden={true}
              className="MuiSvgIcon-root MuiSvgIcon-fontSizeMedium MuiSelect-icon MuiSelect-iconStandard css-pqjvzy-MuiSvgIcon-root-MuiSelect-icon"
              data-testid="ArrowDropDownIcon"
              focusable="false"
              viewBox="0 0 24 24"
            >
              <path
                d="M7 10l5 5 5-5z"
              />
            </svg>
          </div>
        </div>
      </div>
      <div
        className="MuiGrid-root MuiGrid-item MuiGrid-grid-xs-12 MuiGrid-grid-sm-8 css-o4bg9w-MuiGrid-root"
      >
        <div
          className="MuiCollapse-root MuiCollapse-vertical SceneOptionCard-fullWidth-1 MuiCollapse-entered css-pwcg7p-MuiCollapse-root"
          style={
            {
              "minHeight": "0px",
            }
          }
        >
          <div
            className="MuiCollapse-wrapper MuiCollapse-vertical css-smkl36-MuiCollapse-wrapper"
          >
            <div
              className="MuiCollapse-wrapperInner MuiCollapse-vertical css-9l5vo-MuiCollapse-wrapperInner"
            >
              <div
                className="MuiTypography-root MuiTypography-caption css-ol7wxs-MuiTypography-root"
              >
                Blur: 
                8
                px
              </div>
              <Slider
                aria-labelledby="scene-bg-color-slider"
                defaultValue={8}
                max={30}
                min={0}
                onChangeCommitted={[Function]}
                valueLabelDisplay="auto"
                valueLabelFormat={[Function]}
              />
            </div>
          </div>
        </div>
        <div
          className="MuiCollapse-root MuiCollapse-vertical SceneOptionCard-fullWidth-1 MuiCollapse-hidden css-bz4dnt-MuiCollapse-root"
          style={
            {
              "minHeight": "0px",
            }
          }
        >
          <div
            className="MuiCollapse-wrapper MuiCollapse-vertical css-smkl36-MuiCollapse-wrapper"
          >
            <div
              className="MuiCollapse-wrapperInner MuiCollapse-vertical css-9l5vo-MuiCollapse-wrapperInner"
            />
          </div>
        </div>
        <div
          className="MuiCollapse-root MuiCollapse-vertical SceneOptionCard-fullWidth-1 MuiCollapse-hidden css-bz4dnt-MuiCollapse-root"
          style={
            {
              "minHeight": "0px",
            }
          }
        >
          <div
            className="MuiCollapse-wrapper MuiCollapse-vertical css-smkl36-MuiCollapse-wrapper"
          >
            <div
              className="MuiCollapse-wrapperInner MuiCollapse-vertical css-9l5vo-MuiCollapse-wrapperInner"
            />
          </div>
        </div>
      </div>
    </div>
  </div>
  <div
    className="MuiGrid-root MuiGrid-item MuiGrid-grid-xs-12 css-1idn90j-MuiGrid-root"
  >
    <hr
      className="MuiDivider-root MuiDivider-fullWidth css-9mgopn-MuiDivider-root"
    />
  </div>
  <div
    className="MuiGrid-root MuiGrid-item MuiGrid-grid-xs-12 css-1idn90j-MuiGrid-root"
  >
    <div
      className="MuiGrid-root MuiGrid-container MuiGrid-spacing-xs-2 css-ofrcno-MuiGrid-root"
    >
      <div
        className="MuiGrid-root MuiGrid-item MuiGrid-grid-xs-12 MuiGrid-grid-sm-7 SceneOptionCard-noTopPadding-4 css-5n8ohs-MuiGrid-root"
      >
        <span
          className="MuiTypography-root MuiTypography-caption SceneOptionCard-selectText-13 css-1sn4lm3-MuiTypography-root"
        >
          Next Scene
        </span>
        <SceneSelect
          allScenes={[]}
          getSceneName={[Function]}
          includeExtra={true}
          onChange={[Function]}
          scene={
            SceneSettings {
              "audios": [],
              "backForth": false,
              "backForthBPMMulti": 10,
              "backForthConstant": 1000,
              "backForthMax": 1200,
              "backForthMin": 200,
              "backForthSinRate": 100,
              "backForthTF": "tf.c",
              "backgroundBlur": 8,
              "backgroundColor": "#000000",
              "backgroundColorSet": [],
              "backgroundType": "bt.blur",
              "continueVideo": false,
              "crossFade": false,
              "crossFadeAudio": false,
              "fadeAmp": 20,
              "fadeBPMMulti": 10,
              "fadeDuration": 500,
              "fadeDurationMax": 700,
              "fadeDurationMin": 100,
              "fadeEase": "ea.linear",
              "fadeExp": 6,
              "fadeIOBPMMulti": 10,
              "fadeIODelay": 2000,
              "fadeIODelayBPMMulti": 10,
              "fadeIODelayMax": 5000,
              "fadeIODelayMin": 2000,
              "fadeIODelaySinRate": 100,
              "fadeIODelayTF": "tf.c",
              "fadeIODuration": 2000,
              "fadeIODurationMax": 5000,
              "fadeIODurationMin": 2000,
              "fadeIOEndAmp": 20,
              "fadeIOEndEase": "ea.linear",
              "fadeIOEndExp": 6,
              "fadeIOEndOv": 3,
              "fadeIOEndPer": 6,
              "fadeIOPulse": false,
              "fadeIOSinRate": 100,
              "fadeIOStartAmp": 20,
              "fadeIOStartEase": "ea.linear",
              "fadeIOStartExp": 6,
              "fadeIOStartOv": 3,
              "fadeIOStartPer": 6,
              "fadeIOTF": "tf.c",
              "fadeInOut": false,
              "fadeOv": 3,
              "fadePer": 6,
              "fadeSinRate": 100,
              "fadeTF": "tf.c",
              "forceAll": false,
              "forceAllSource": false,
              "fullSource": false,
              "generatorMax": 100,
              "gifOption": "go.none",
              "gifTimingConstant": 3000,
              "gifTimingMax": 3000,
              "gifTimingMin": 1000,
              "grid": [
                [],
              ],
              "gridView": false,
              "horizTransLevel": 10,
              "horizTransLevelMax": 10,
              "horizTransLevelMin": 5,
              "horizTransRandom": false,
              "horizTransType": "htf.none",
              "imageOrientation": "ot.original",
              "imageType": "it.fitBestNoClip",
              "imageTypeFilter": "if.any",
              "nextSceneAllImages": false,
              "nextSceneID": 0,
              "nextSceneRandoms": [],
              "nextSceneTime": 900000,
              "orderFunction": "of.random",
              "overlaySceneID": 0,
              "overlaySceneOpacity": 0.5,
              "overlays": [],
              "panBPMMulti": 10,
              "panDuration": 2000,
              "panDurationMax": 5000,
              "panDurationMin": 2000,
              "panEndAmp": 20,
              "panEndEase": "ea.linear",
              "panEndExp": 6,
              "panEndOv": 3,
              "panEndPer": 6,
              "panHorizTransImg": false,
              "panHorizTransLevel": 10,
              "panHorizTransLevelMax": 10,
              "panHorizTransLevelMin": 5,
              "panHorizTransRandom": false,
              "panHorizTransType": "htf.none",
              "panSinRate": 100,
              "panStartAmp": 20,
              "panStartEase": "ea.linear",
              "panStartExp": 6,
              "panStartOv": 3,
              "panStartPer": 6,
              "panTF": "tf.c",
              "panVertTransImg": false,
              "panVertTransLevel": 10,
              "panVertTransLevelMax": 10,
              "panVertTransLevelMin": 5,
              "panVertTransRandom": false,
              "panVertTransType": "vtf.none",
              "panning": false,
              "persistAudio": false,
              "persistText": false,
              "playVideoClips": true,
              "randomVideoStart": false,
              "regenerate": true,
              "rotatePortrait": false,
              "skipVideoEnd": 0,
              "skipVideoStart": 0,
              "slide": false,
              "slideAmp": 20,
              "slideBPMMulti": 10,
              "slideDistance": 100,
              "slideDuration": 500,
              "slideDurationMax": 700,
              "slideDurationMin": 100,
              "slideEase": "ea.linear",
              "slideExp": 6,
              "slideOv": 3,
              "slidePer": 6,
              "slideSinRate": 100,
              "slideTF": "tf.c",
              "slideType": "stf.left",
              "sourceOrderFunction": "sof.random",
              "sources": [],
              "strobe": false,
              "strobeAmp": 20,
              "strobeBPMMulti": 10,
              "strobeColor": "#FFFFFF",
              "strobeColorSet": [],
              "strobeColorType": "bt.color",
              "strobeDelay": 200,
              "strobeDelayBPMMulti": 10,
              "strobeDelayMax": 300,
              "strobeDelayMin": 100,
              "strobeDelaySinRate": 100,
              "strobeDelayTF": "tf.c",
              "strobeEase": "ea.linear",
              "strobeExp": 6,
              "strobeLayer": "sl.top",
              "strobeOpacity": 1,
              "strobeOv": 3,
              "strobePer": 6,
              "strobePulse": false,
              "strobeSinRate": 100,
              "strobeTF": "tf.c",
              "strobeTime": 200,
              "strobeTimeMax": 300,
              "strobeTimeMin": 100,
              "timingBPMMulti": 10,
              "timingConstant": 1000,
              "timingFunction": "tf.c",
              "timingMax": 1200,
              "timingMin": 200,
              "timingSinRate": 100,
              "transAmp": 20,
              "transBPMMulti": 10,
              "transDuration": 5000,
              "transDurationMax": 7000,
              "transDurationMin": 1000,
              "transEase": "ea.linear",
              "transExp": 6,
              "transOv": 3,
              "transPer": 6,
              "transSinRate": 100,
              "transTF": "tf.c",
              "vertTransLevel": 10,
              "vertTransLevelMax": 10,
              "vertTransLevelMin": 5,
              "vertTransRandom": false,
              "vertTransType": "vtf.none",
              "videoOption": "vo.none",
              "videoOrientation": "ot.original",
              "videoRandomSpeed": false,
              "videoSkip": 10,
              "videoSpeed": 10,
              "videoSpeedMax": 20,
              "videoSpeedMin": 5,
              "videoTimingConstant": 3000,
              "videoTimingMax": 3000,
              "videoTimingMin": 1000,
              "videoVolume": 0,
              "weightFunction": "wf.s",
              "zoom": false,
              "zoomEnd": 2,
              "zoomEndMax": 2,
              "zoomEndMin": 1.5,
              "zoomRandom": false,
              "zoomStart": 1,
              "zoomStartMax": 1,
              "zoomStartMin": 0.5,
            }
          }
          value={0}
        />
      </div>
      <div
        className="MuiGrid-root MuiGrid-item MuiGrid-grid-xs-12 MuiGrid-grid-sm-5 SceneOptionCard-selectOffset-5 css-11lxi55-MuiGrid-root"
      >
        <div
          className="MuiCollapse-root MuiCollapse-vertical MuiCollapse-hidden css-bz4dnt-MuiCollapse-root"
          style={
            {
              "minHeight": "0px",
            }
          }
        >
          <div
            className="MuiCollapse-wrapper MuiCollapse-vertical css-smkl36-MuiCollapse-wrapper"
          >
            <div
              className="MuiCollapse-wrapperInner MuiCollapse-vertical css-9l5vo-MuiCollapse-wrapperInner"
            >
              <div
                className="MuiFormControl-root MuiFormControl-marginDense MuiTextField-root css-4mzek5-MuiFormControl-root-MuiTextField-root"
              >
                <label
                  className="MuiFormLabel-root MuiInputLabel-root MuiInputLabel-formControl MuiInputLabel-animated MuiInputLabel-shrink MuiInputLabel-outlined MuiFormLabel-colorPrimary MuiFormLabel-filled MuiInputLabel-root MuiInputLabel-formControl MuiInputLabel-animated MuiInputLabel-shrink MuiInputLabel-outlined css-uogadk-MuiFormLabel-root-MuiInputLabel-root"
                  data-shrink={true}
                  htmlFor="mui-11"
                  id="mui-11-label"
                >
                  Play after
                </label>
                <div
                  className="MuiInputBase-root MuiOutlinedInput-root MuiInputBase-colorPrimary MuiInputBase-formControl MuiInputBase-adornedEnd css-plngxy-MuiInputBase-root-MuiOutlinedInput-root"
                  onClick={[Function]}
                >
                  <input
                    aria-invalid={false}
                    autoFocus={false}
                    className="MuiInputBase-input MuiOutlinedInput-input MuiInputBase-inputAdornedEnd css-nxo287-MuiInputBase-input-MuiOutlinedInput-input"
                    disabled={false}
                    id="mui-11"
                    min={0}
                    onAnimationStart={[Function]}
                    onBlur={[Function]}
                    onChange={[Function]}
                    onFocus={[Function]}
                    required={false}
                    type="number"
                    value={900000}
                  />
                  <div
                    className="MuiInputAdornment-root MuiInputAdornment-positionEnd MuiInputAdornment-outlined MuiInputAdornment-sizeMedium css-1laqsz7-MuiInputAdornment-root"
                  >
                    <p
                      className="MuiTypography-root MuiTypography-body1 css-1pnmrwp-MuiTypography-root"
                    >
                      ms
                    </p>
                  </div>
                  <fieldset
                    aria-hidden={true}
                    className="MuiOutlinedInput-notchedOutline css-1d3z3hw-MuiOutlinedInput-notchedOutline"
                  >
                    <legend
                      className="css-14lo706"
                    >
                      <span>
                        Play after
                      </span>
                    </legend>
                  </fieldset>
                </div>
              </div>
            </div>
          </div>
        </div>
      </div>
      <div
        className="MuiGrid-root MuiGrid-item MuiGrid-grid-xs-true css-1vd824g-MuiGrid-root"
      >
        <div
          className="MuiCollapse-root MuiCollapse-vertical MuiCollapse-hidden css-bz4dnt-MuiCollapse-root"
          style={
            {
              "minHeight": "0px",
            }
          }
        >
          <div
            className="MuiCollapse-wrapper MuiCollapse-vertical css-smkl36-MuiCollapse-wrapper"
          >
            <div
              className="MuiCollapse-wrapperInner MuiCollapse-vertical css-9l5vo-MuiCollapse-wrapperInner"
            >
              <label
                className="MuiFormControlLabel-root MuiFormControlLabel-labelPlacementEnd css-j204z7-MuiFormControlLabel-root"
              >
                <span
                  className="MuiSwitch-root MuiSwitch-sizeMedium css-julti5-MuiSwitch-root"
                >
                  <span
                    className="MuiButtonBase-root MuiSwitch-switchBase MuiSwitch-colorPrimary PrivateSwitchBase-root MuiSwitch-switchBase MuiSwitch-colorPrimary css-1flv81n-MuiButtonBase-root-MuiSwitch-switchBase"
                    onBlur={[Function]}
                    onContextMenu={[Function]}
                    onDragLeave={[Function]}
                    onFocus={[Function]}
                    onKeyDown={[Function]}
                    onKeyUp={[Function]}
                    onMouseDown={[Function]}
                    onMouseLeave={[Function]}
                    onMouseUp={[Function]}
                    onTouchEnd={[Function]}
                    onTouchMove={[Function]}
                    onTouchStart={[Function]}
                    tabIndex={null}
                  >
                    <input
                      checked={false}
                      className="PrivateSwitchBase-input MuiSwitch-input css-1m9pwf3"
                      onChange={[Function]}
                      required={false}
                      type="checkbox"
                    />
                    <span
                      className="MuiSwitch-thumb css-jsexje-MuiSwitch-thumb"
                    />
                    <span
                      className="MuiTouchRipple-root css-8je8zh-MuiTouchRipple-root"
                    />
                  </span>
                  <span
                    className="MuiSwitch-track css-1yjjitx-MuiSwitch-track"
                  />
                </span>
                <span
                  className="MuiTypography-root MuiTypography-body1 MuiFormControlLabel-label css-ahj2mt-MuiTypography-root"
                >
                  Play After All Images
                </span>
              </label>
            </div>
          </div>
        </div>
      </div>
      <div
        className="MuiGrid-root MuiGrid-item MuiGrid-grid-xs-true css-1vd824g-MuiGrid-root"
      >
        <div
          className="MuiCollapse-root MuiCollapse-vertical MuiCollapse-hidden css-bz4dnt-MuiCollapse-root"
          style={
            {
              "minHeight": "0px",
            }
          }
        >
          <div
            className="MuiCollapse-wrapper MuiCollapse-vertical css-smkl36-MuiCollapse-wrapper"
          >
            <div
              className="MuiCollapse-wrapperInner MuiCollapse-vertical css-9l5vo-MuiCollapse-wrapperInner"
            >
              <label
                className="MuiFormControlLabel-root MuiFormControlLabel-labelPlacementEnd css-j204z7-MuiFormControlLabel-root"
              >
                <span
                  className="MuiSwitch-root MuiSwitch-sizeMedium css-julti5-MuiSwitch-root"
                >
                  <span
                    className="MuiButtonBase-root MuiSwitch-switchBase MuiSwitch-colorPrimary PrivateSwitchBase-root MuiSwitch-switchBase MuiSwitch-colorPrimary css-1flv81n-MuiButtonBase-root-MuiSwitch-switchBase"
                    onBlur={[Function]}
                    onContextMenu={[Function]}
                    onDragLeave={[Function]}
                    onFocus={[Function]}
                    onKeyDown={[Function]}
                    onKeyUp={[Function]}
                    onMouseDown={[Function]}
                    onMouseLeave={[Function]}
                    onMouseUp={[Function]}
                    onTouchEnd={[Function]}
                    onTouchMove={[Function]}
                    onTouchStart={[Function]}
                    tabIndex={null}
                  >
                    <input
                      checked={false}
                      className="PrivateSwitchBase-input MuiSwitch-input css-1m9pwf3"
                      onChange={[Function]}
                      required={false}
                      type="checkbox"
                    />
                    <span
                      className="MuiSwitch-thumb css-jsexje-MuiSwitch-thumb"
                    />
                    <span
                      className="MuiTouchRipple-root css-8je8zh-MuiTouchRipple-root"
                    />
                  </span>
                  <span
                    className="MuiSwitch-track css-1yjjitx-MuiSwitch-track"
                  />
                </span>
                <span
                  className="MuiTypography-root MuiTypography-body1 MuiFormControlLabel-label css-ahj2mt-MuiTypography-root"
                >
                  Persist Audio
                </span>
              </label>
            </div>
          </div>
        </div>
      </div>
      <div
        className="MuiGrid-root MuiGrid-item MuiGrid-grid-xs-true css-1vd824g-MuiGrid-root"
      >
        <div
          className="MuiCollapse-root MuiCollapse-vertical MuiCollapse-hidden css-bz4dnt-MuiCollapse-root"
          style={
            {
              "minHeight": "0px",
            }
          }
        >
          <div
            className="MuiCollapse-wrapper MuiCollapse-vertical css-smkl36-MuiCollapse-wrapper"
          >
            <div
              className="MuiCollapse-wrapperInner MuiCollapse-vertical css-9l5vo-MuiCollapse-wrapperInner"
            >
              <label
                className="MuiFormControlLabel-root MuiFormControlLabel-labelPlacementEnd css-j204z7-MuiFormControlLabel-root"
              >
                <span
                  className="MuiSwitch-root MuiSwitch-sizeMedium css-julti5-MuiSwitch-root"
                >
                  <span
                    className="MuiButtonBase-root MuiSwitch-switchBase MuiSwitch-colorPrimary PrivateSwitchBase-root MuiSwitch-switchBase MuiSwitch-colorPrimary css-1flv81n-MuiButtonBase-root-MuiSwitch-switchBase"
                    onBlur={[Function]}
                    onContextMenu={[Function]}
                    onDragLeave={[Function]}
                    onFocus={[Function]}
                    onKeyDown={[Function]}
                    onKeyUp={[Function]}
                    onMouseDown={[Function]}
                    onMouseLeave={[Function]}
                    onMouseUp={[Function]}
                    onTouchEnd={[Function]}
                    onTouchMove={[Function]}
                    onTouchStart={[Function]}
                    tabIndex={null}
                  >
                    <input
                      checked={false}
                      className="PrivateSwitchBase-input MuiSwitch-input css-1m9pwf3"
                      onChange={[Function]}
                      required={false}
                      type="checkbox"
                    />
                    <span
                      className="MuiSwitch-thumb css-jsexje-MuiSwitch-thumb"
                    />
                    <span
                      className="MuiTouchRipple-root css-8je8zh-MuiTouchRipple-root"
                    />
                  </span>
                  <span
                    className="MuiSwitch-track css-1yjjitx-MuiSwitch-track"
                  />
                </span>
                <span
                  className="MuiTypography-root MuiTypography-body1 MuiFormControlLabel-label css-ahj2mt-MuiTypography-root"
                >
                  Persist Text Overlay
                </span>
              </label>
            </div>
          </div>
        </div>
      </div>
    </div>
  </div>
  <div
    className="MuiGrid-root MuiGrid-item MuiGrid-grid-xs-12 css-1idn90j-MuiGrid-root"
  >
    <hr
      className="MuiDivider-root MuiDivider-fullWidth css-9mgopn-MuiDivider-root"
    />
  </div>
  <div
    className="MuiGrid-root MuiGrid-item MuiGrid-grid-xs-12 css-1idn90j-MuiGrid-root"
  >
    <div
      className="MuiGrid-root MuiGrid-container MuiGrid-spacing-xs-2 css-ofrcno-MuiGrid-root"
    >
      <div
        className="MuiGrid-root MuiGrid-item MuiGrid-grid-xs-true css-1vd824g-MuiGrid-root"
      >
        <label
          className="MuiFormControlLabel-root MuiFormControlLabel-labelPlacementEnd css-j204z7-MuiFormControlLabel-root"
        >
          <span
            className="MuiSwitch-root MuiSwitch-sizeMedium css-julti5-MuiSwitch-root"
          >
            <span
              className="MuiButtonBase-root MuiSwitch-switchBase MuiSwitch-colorPrimary PrivateSwitchBase-root MuiSwitch-switchBase MuiSwitch-colorPrimary css-1flv81n-MuiButtonBase-root-MuiSwitch-switchBase"
              onBlur={[Function]}
              onContextMenu={[Function]}
              onDragLeave={[Function]}
              onFocus={[Function]}
              onKeyDown={[Function]}
              onKeyUp={[Function]}
              onMouseDown={[Function]}
              onMouseLeave={[Function]}
              onMouseUp={[Function]}
              onTouchEnd={[Function]}
              onTouchMove={[Function]}
              onTouchStart={[Function]}
              tabIndex={null}
            >
              <input
                className="PrivateSwitchBase-input MuiSwitch-input css-1m9pwf3"
                onChange={[Function]}
                required={false}
                type="checkbox"
              />
              <span
                className="MuiSwitch-thumb css-jsexje-MuiSwitch-thumb"
              />
              <span
                className="MuiTouchRipple-root css-8je8zh-MuiTouchRipple-root"
              />
            </span>
            <span
              className="MuiSwitch-track css-1yjjitx-MuiSwitch-track"
            />
          </span>
          <span
            className="MuiTypography-root MuiTypography-body1 MuiFormControlLabel-label css-ahj2mt-MuiTypography-root"
          >
            Overlays
          </span>
        </label>
      </div>
      <div
        className="MuiGrid-root MuiGrid-item css-13i4rnv-MuiGrid-root"
      >
        <div
          className="MuiCollapse-root MuiCollapse-vertical MuiCollapse-hidden css-bz4dnt-MuiCollapse-root"
          style={
            {
              "minHeight": "0px",
            }
          }
        >
          <div
            className="MuiCollapse-wrapper MuiCollapse-vertical css-smkl36-MuiCollapse-wrapper"
          >
            <div
              className="MuiCollapse-wrapperInner MuiCollapse-vertical css-9l5vo-MuiCollapse-wrapperInner"
            >
              <button
                className="MuiButtonBase-root MuiFab-root MuiFab-circular MuiFab-sizeSmall MuiFab-default MuiFab-root MuiFab-circular MuiFab-sizeSmall MuiFab-default SceneOptionCard-addButton-8 css-12m9wit-MuiButtonBase-root-MuiFab-root"
                disabled={false}
                onBlur={[Function]}
                onClick={[Function]}
                onContextMenu={[Function]}
                onDragLeave={[Function]}
                onFocus={[Function]}
                onKeyDown={[Function]}
                onKeyUp={[Function]}
                onMouseDown={[Function]}
                onMouseLeave={[Function]}
                onMouseUp={[Function]}
                onTouchEnd={[Function]}
                onTouchMove={[Function]}
                onTouchStart={[Function]}
                tabIndex={0}
                type="button"
              >
                <svg
                  aria-hidden={true}
                  className="MuiSvgIcon-root MuiSvgIcon-fontSizeMedium css-i4bv87-MuiSvgIcon-root"
                  data-testid="AddIcon"
                  focusable="false"
                  viewBox="0 0 24 24"
                >
                  <path
                    d="M19 13h-6v6h-2v-6H5v-2h6V5h2v6h6v2z"
                  />
                </svg>
                <span
                  className="MuiTouchRipple-root css-8je8zh-MuiTouchRipple-root"
                />
              </button>
            </div>
          </div>
        </div>
      </div>
    </div>
  </div>
</div>
`;
