// Jest Snapshot v1, https://goo.gl/fbAQLP

exports[`ThemeCard should match snapshot 1`] = `
[
  <div>
    <label
      className="MuiFormControlLabel-root MuiFormControlLabel-labelPlacementEnd css-j204z7-MuiFormControlLabel-root"
    >
      <span
        className="MuiSwitch-root MuiSwitch-sizeMedium css-julti5-MuiSwitch-root"
      >
        <span
          className="MuiButtonBase-root MuiSwitch-switchBase MuiSwitch-colorPrimary PrivateSwitchBase-root MuiSwitch-switchBase MuiSwitch-colorPrimary css-1flv81n-MuiButtonBase-root-MuiSwitch-switchBase"
          onBlur={[Function]}
          onContextMenu={[Function]}
          onDragLeave={[Function]}
          onFocus={[Function]}
          onKeyDown={[Function]}
          onKeyUp={[Function]}
          onMouseDown={[Function]}
          onMouseLeave={[Function]}
          onMouseUp={[Function]}
          onTouchEnd={[Function]}
          onTouchMove={[Function]}
          onTouchStart={[Function]}
          tabIndex={null}
        >
          <input
            checked={false}
            className="PrivateSwitchBase-input MuiSwitch-input css-1m9pwf3"
            onChange={[Function]}
            required={false}
            type="checkbox"
          />
          <span
            className="MuiSwitch-thumb css-jsexje-MuiSwitch-thumb"
          />
        </span>
        <span
          className="MuiSwitch-track css-1yjjitx-MuiSwitch-track"
        />
      </span>
      <span
        className="MuiTypography-root MuiTypography-body1 MuiFormControlLabel-label css-ahj2mt-MuiTypography-root"
      >
        Dark Mode
      </span>
    </label>
  </div>,
  <div
    className="ThemeCard-themePicker-1 ThemeCard-gutterBottom-2"
  >
    <p
      className="MuiTypography-root MuiTypography-body1 css-ahj2mt-MuiTypography-root"
    >
      Primary Color
    </p>
    <ThemeColorPicker
      currentColor="#3f51b5"
      onChangeColor={[Function]}
    />
  </div>,
  <div
    className="ThemeCard-themePicker-1"
  >
    <p
      className="MuiTypography-root MuiTypography-body1 css-ahj2mt-MuiTypography-root"
    >
      Secondary Color
    </p>
    <ThemeColorPicker
      currentColor="#f50057"
      onChangeColor={[Function]}
    />
  </div>,
]
`;
