// Jest Snapshot v1, https://goo.gl/fbAQLP

exports[`WatermarkCard should match snapshot 1`] = `
<div
  className="MuiGrid-root MuiGrid-container css-1vam7s3-MuiGrid-root"
>
  <div
    className="MuiGrid-root MuiGrid-item MuiGrid-grid-xs-12 css-1idn90j-MuiGrid-root"
  >
    <div
      className="MuiGrid-root MuiGrid-container css-1vam7s3-MuiGrid-root"
    >
      <div
        className="MuiGrid-root MuiGrid-item MuiGrid-grid-xs-12 MuiGrid-grid-sm-6 css-1b3l6lk-MuiGrid-root"
      >
        <label
          aria-label={null}
          aria-labelledby={null}
          className="MuiFormControlLabel-root MuiFormControlLabel-labelPlacementEnd css-j204z7-MuiFormControlLabel-root"
          data-mui-internal-clone-element={true}
          onBlur={[Function]}
          onFocus={[Function]}
          onMouseLeave={[Function]}
          onMouseOver={[Function]}
          onTouchEnd={[Function]}
          onTouchStart={[Function]}
        >
          <span
            className="MuiSwitch-root MuiSwitch-sizeMedium css-julti5-MuiSwitch-root"
          >
            <span
              className="MuiButtonBase-root MuiSwitch-switchBase MuiSwitch-colorPrimary PrivateSwitchBase-root MuiSwitch-switchBase MuiSwitch-colorPrimary css-1flv81n-MuiButtonBase-root-MuiSwitch-switchBase"
              onBlur={[Function]}
              onContextMenu={[Function]}
              onDragLeave={[Function]}
              onFocus={[Function]}
              onKeyDown={[Function]}
              onKeyUp={[Function]}
              onMouseDown={[Function]}
              onMouseLeave={[Function]}
              onMouseUp={[Function]}
              onTouchEnd={[Function]}
              onTouchMove={[Function]}
              onTouchStart={[Function]}
              tabIndex={null}
            >
              <input
                checked={false}
                className="PrivateSwitchBase-input MuiSwitch-input css-1m9pwf3"
                onChange={[Function]}
                required={false}
                type="checkbox"
              />
              <span
                className="MuiSwitch-thumb css-jsexje-MuiSwitch-thumb"
              />
              <span
                className="MuiTouchRipple-root css-8je8zh-MuiTouchRipple-root"
              />
            </span>
            <span
              className="MuiSwitch-track css-1yjjitx-MuiSwitch-track"
            />
          </span>
          <span
            className="MuiTypography-root MuiTypography-body1 MuiFormControlLabel-label css-ahj2mt-MuiTypography-root"
          >
            Enable Watermark
          </span>
        </label>
      </div>
      <div
        className="MuiGrid-root MuiGrid-item MuiGrid-grid-xs-12 MuiGrid-grid-sm-6 css-1b3l6lk-MuiGrid-root"
      />
    </div>
  </div>
  <div
    className="MuiGrid-root MuiGrid-item MuiGrid-grid-xs-12 css-1idn90j-MuiGrid-root"
  >
    <div
      className="MuiCollapse-root MuiCollapse-vertical WatermarkCard-fullWidth-1 MuiCollapse-hidden css-bz4dnt-MuiCollapse-root"
      style={
        {
          "minHeight": "0px",
        }
      }
    >
      <div
        className="MuiCollapse-wrapper MuiCollapse-vertical css-smkl36-MuiCollapse-wrapper"
      >
        <div
          className="MuiCollapse-wrapperInner MuiCollapse-vertical css-9l5vo-MuiCollapse-wrapperInner"
        >
          <hr
            className="MuiDivider-root MuiDivider-fullWidth css-9mgopn-MuiDivider-root"
          />
        </div>
      </div>
    </div>
  </div>
  <div
    className="MuiGrid-root MuiGrid-item MuiGrid-grid-xs-12 css-1idn90j-MuiGrid-root"
  >
    <div
      className="MuiCollapse-root MuiCollapse-vertical WatermarkCard-fullWidth-1 MuiCollapse-hidden css-bz4dnt-MuiCollapse-root"
      style={
        {
          "minHeight": "0px",
        }
      }
    >
      <div
        className="MuiCollapse-wrapper MuiCollapse-vertical css-smkl36-MuiCollapse-wrapper"
      >
        <div
          className="MuiCollapse-wrapperInner MuiCollapse-vertical css-9l5vo-MuiCollapse-wrapperInner"
        >
          <div
            className="MuiGrid-root MuiGrid-container MuiGrid-spacing-xs-2 css-ofrcno-MuiGrid-root"
          >
            <div
              className="MuiGrid-root MuiGrid-item MuiGrid-grid-xs-12 css-1idn90j-MuiGrid-root"
            >
              <div
                className="MuiInputBase-root MuiInput-root MuiInput-underline MuiInputBase-colorPrimary  css-1svk8k3-MuiInputBase-root-MuiInput-root-MuiSelect-root"
                onClick={[Function]}
              >
                <div
                  aria-expanded="false"
                  aria-haspopup="listbox"
                  className="MuiSelect-select MuiSelect-standard MuiInputBase-input MuiInput-input css-1rxz5jq-MuiSelect-select-MuiInputBase-input-MuiInput-input"
                  onBlur={[Function]}
                  onFocus={[Function]}
                  onKeyDown={[Function]}
                  onMouseDown={[Function]}
                  role="button"
                  tabIndex={0}
                >
                  Bottom Right
                </div>
                <input
                  aria-hidden={true}
                  aria-invalid={false}
                  className="MuiSelect-nativeInput css-yf8vq0-MuiSelect-nativeInput"
                  onAnimationStart={[Function]}
                  onChange={[Function]}
                  tabIndex={-1}
                  value="wc.bottomRight"
                />
                <svg
                  aria-hidden={true}
                  className="MuiSvgIcon-root MuiSvgIcon-fontSizeMedium MuiSelect-icon MuiSelect-iconStandard css-pqjvzy-MuiSvgIcon-root-MuiSelect-icon"
                  data-testid="ArrowDropDownIcon"
                  focusable="false"
                  viewBox="0 0 24 24"
                >
                  <path
                    d="M7 10l5 5 5-5z"
                  />
                </svg>
              </div>
            </div>
            <div
              className="MuiGrid-root MuiGrid-item MuiGrid-grid-xs-12 css-1idn90j-MuiGrid-root"
            >
              <div
                className="MuiFormControl-root MuiFormControl-marginDense MuiFormControl-fullWidth MuiTextField-root css-1z10yd4-MuiFormControl-root-MuiTextField-root"
              >
                <label
                  className="MuiFormLabel-root MuiInputLabel-root MuiInputLabel-formControl MuiInputLabel-animated MuiInputLabel-standard MuiFormLabel-colorPrimary MuiInputLabel-root MuiInputLabel-formControl MuiInputLabel-animated MuiInputLabel-standard css-3epg04-MuiFormLabel-root-MuiInputLabel-root"
                  data-shrink={false}
                  htmlFor="mui-2"
                  id="mui-2-label"
                >
                  Watermark Text
                </label>
                <div
                  className="MuiInputBase-root MuiInput-root MuiInput-underline MuiInputBase-colorPrimary MuiInputBase-fullWidth MuiInputBase-formControl MuiInputBase-multiline css-ex7uz7-MuiInputBase-root-MuiInput-root"
                  onClick={[Function]}
                >
                  <TextareaAutosize
                    aria-invalid={false}
                    autoFocus={false}
                    className="MuiInputBase-input MuiInput-input MuiInputBase-inputMultiline css-66dh3a-MuiInputBase-input-MuiInput-input"
                    disabled={false}
                    id="mui-2"
                    onAnimationStart={[Function]}
                    onBlur={[Function]}
                    onChange={[Function]}
                    onFocus={[Function]}
                    required={false}
                    value=""
                  />
                </div>
              </div>
            </div>
          </div>
        </div>
      </div>
    </div>
  </div>
  <div
    className="MuiGrid-root MuiGrid-item MuiGrid-grid-xs-12 css-1idn90j-MuiGrid-root"
  >
    <div
      className="MuiCollapse-root MuiCollapse-vertical WatermarkCard-fullWidth-1 MuiCollapse-hidden css-bz4dnt-MuiCollapse-root"
      style={
        {
          "minHeight": "0px",
        }
      }
    >
      <div
        className="MuiCollapse-wrapper MuiCollapse-vertical css-smkl36-MuiCollapse-wrapper"
      >
        <div
          className="MuiCollapse-wrapperInner MuiCollapse-vertical css-9l5vo-MuiCollapse-wrapperInner"
        >
          <div
            className="MuiGrid-root MuiGrid-container MuiGrid-spacing-xs-2 css-ofrcno-MuiGrid-root"
          >
            <div
              className="MuiGrid-root MuiGrid-item MuiGrid-grid-xs-9 css-1qpzhgb-MuiGrid-root"
            >
              <div
                className="MuiFormControl-root WatermarkCard-fullWidth-1 css-1nrlq1o-MuiFormControl-root"
              >
                <label
                  className="MuiFormLabel-root MuiInputLabel-root MuiInputLabel-formControl MuiInputLabel-animated MuiInputLabel-shrink MuiInputLabel-standard MuiFormLabel-colorPrimary MuiFormLabel-filled MuiInputLabel-root MuiInputLabel-formControl MuiInputLabel-animated MuiInputLabel-shrink MuiInputLabel-standard css-syr9i-MuiFormLabel-root-MuiInputLabel-root"
                  data-shrink={true}
                >
                  Font
                </label>
                <div
                  className="MuiInputBase-root MuiInput-root MuiInput-underline MuiInputBase-colorPrimary Mui-disabled MuiInputBase-formControl  css-1ktbog5-MuiInputBase-root-MuiInput-root-MuiSelect-root"
                  onClick={[Function]}
                  style={
                    {
                      "fontFamily": "Arial Black,Arial Bold,Gadget,sans-serif",
                    }
                  }
                >
                  <div
                    aria-disabled="true"
                    aria-expanded="false"
                    aria-haspopup="listbox"
                    className="MuiSelect-select MuiSelect-standard Mui-disabled MuiInputBase-input MuiInput-input Mui-disabled css-1rxz5jq-MuiSelect-select-MuiInputBase-input-MuiInput-input"
                    onBlur={[Function]}
                    onFocus={[Function]}
                    onKeyDown={[Function]}
                    onMouseDown={null}
                    role="button"
                    tabIndex={null}
                  >
                    <span
                      className="notranslate"
                    >
                      ​
                    </span>
                  </div>
                  <input
                    aria-hidden={true}
                    aria-invalid={false}
                    className="MuiSelect-nativeInput css-yf8vq0-MuiSelect-nativeInput"
                    disabled={true}
                    onAnimationStart={[Function]}
                    onChange={[Function]}
                    required={false}
                    tabIndex={-1}
                    value="Arial Black,Arial Bold,Gadget,sans-serif"
                  />
                  <svg
                    aria-hidden={true}
                    className="MuiSvgIcon-root MuiSvgIcon-fontSizeMedium MuiSelect-icon MuiSelect-iconStandard Mui-disabled css-pqjvzy-MuiSvgIcon-root-MuiSelect-icon"
                    data-testid="ArrowDropDownIcon"
                    focusable="false"
                    viewBox="0 0 24 24"
                  >
                    <path
                      d="M7 10l5 5 5-5z"
                    />
                  </svg>
                </div>
              </div>
            </div>
            <div
              className="MuiGrid-root MuiGrid-item MuiGrid-grid-xs-3 css-1equabv-MuiGrid-root"
            >
              <div
                className="MuiFormControl-root MuiFormControl-marginDense MuiTextField-root css-4mzek5-MuiFormControl-root-MuiTextField-root"
              >
                <label
                  className="MuiFormLabel-root MuiInputLabel-root MuiInputLabel-formControl MuiInputLabel-animated MuiInputLabel-shrink MuiInputLabel-standard MuiFormLabel-colorPrimary MuiFormLabel-filled MuiInputLabel-root MuiInputLabel-formControl MuiInputLabel-animated MuiInputLabel-shrink MuiInputLabel-standard css-syr9i-MuiFormLabel-root-MuiInputLabel-root"
                  data-shrink={true}
                  htmlFor="mui-3"
                  id="mui-3-label"
                >
                  Size
                </label>
                <div
                  className="MuiInputBase-root MuiInput-root MuiInput-underline MuiInputBase-colorPrimary MuiInputBase-formControl MuiInputBase-adornedEnd css-cwspju-MuiInputBase-root-MuiInput-root"
                  onClick={[Function]}
                >
                  <input
                    aria-invalid={false}
                    autoFocus={false}
                    className="MuiInputBase-input MuiInput-input MuiInputBase-inputAdornedEnd css-1x51dt5-MuiInputBase-input-MuiInput-input"
                    disabled={false}
                    id="mui-3"
                    min={1}
                    onAnimationStart={[Function]}
                    onBlur={[Function]}
                    onChange={[Function]}
                    onFocus={[Function]}
                    required={false}
                    type="number"
                    value={14}
                  />
                  <div
                    className="MuiInputAdornment-root MuiInputAdornment-positionEnd MuiInputAdornment-standard MuiInputAdornment-sizeMedium css-1laqsz7-MuiInputAdornment-root"
                  >
                    <p
                      className="MuiTypography-root MuiTypography-body1 css-1pnmrwp-MuiTypography-root"
                    >
                      px
                    </p>
                  </div>
                </div>
              </div>
            </div>
            <div
              className="MuiGrid-root MuiGrid-item MuiGrid-grid-xs-12 css-1idn90j-MuiGrid-root"
            >
              <ColorPicker
                currentColor="#FFFFFF"
                onChangeColor={[Function]}
              />
            </div>
          </div>
        </div>
      </div>
    </div>
  </div>
</div>
`;
